192.168.1.100 - - [15/Nov/2023:10:30:45 +0000] "GET /index.html HTTP/1.1" 200 1432
999.999.999.999 - - [15/Nov/2023:10:30:46 +0000] "GET /../../../etc/passwd HTTP/1.1" 403 234
192.168.1.101 - - [15/Nov/2023:10:30:47 +0000] "GET /css/style.css HTTP/1.1" 200 5432
10.0.0.1 - - [15/Nov/2023:10:30:48 +0000] "POST /wp-admin.php HTTP/1.1" 500 0
1 9 2 . 1 6 8 . 1 . 1 0 0   -   -   [ 1 5 / N o v / 2 0 2 3 : 1 0 : 3 0 : 4 5   + 0 0 0 0 ]   " G E T   / i n d e x . h t m l   H T T P / 1 . 1 "   2 0 0   1 4 3 2 
 9 9 9 . 9 9 9 . 9 9 9 . 9 9 9   -   -   [ 1 5 / N o v / 2 0 2 3 : 1 0 : 3 0 : 4 6   + 0 0 0 0 ]   " G E T   / . . / . . / . . / e t c / p a s s w d   H T T P / 1 . 1 "   4 0 3   2 3 4 
 1 9 2 . 1 6 8 . 1 . 1 0 1   -   -   [ 1 5 / N o v / 2 0 2 3 : 1 0 : 3 0 : 4 7   + 0 0 0 0 ]   " G E T   / c s s / s t y l e . c s s   H T T P / 1 . 1 "   2 0 0   5 4 3 2 
 1 0 . 0 . 0 . 1   -   -   [ 1 5 / N o v / 2 0 2 3 : 1 0 : 3 0 : 4 8   + 0 0 0 0 ]   " P O S T   / w p - a d m i n . p h p   H T T P / 1 . 1 "   5 0 0   0  
 1 9 2 . 1 6 8 . 1 . 1 0 0   -   -   [ 1 5 / N o v / 2 0 2 3 : 1 0 : 3 0 : 4 5   + 0 0 0 0 ]   " G E T   / i n d e x . h t m l   H T T P / 1 . 1 "   2 0 0   1 4 3 2 
 9 9 9 . 9 9 9 . 9 9 9 . 9 9 9   -   -   [ 1 5 / N o v / 2 0 2 3 : 1 0 : 3 0 : 4 6   + 0 0 0 0 ]   " G E T   / . . / . . / . . / e t c / p a s s w d   H T T P / 1 . 1 "   4 0 3   2 3 4 
 1 9 2 . 1 6 8 . 1 . 1 0 1   -   -   [ 1 5 / N o v / 2 0 2 3 : 1 0 : 3 0 : 4 7   + 0 0 0 0 ]   " G E T   / c s s / s t y l e . c s s   H T T P / 1 . 1 "   2 0 0   5 4 3 2 
 1 0 . 0 . 0 . 1   -   -   [ 1 5 / N o v / 2 0 2 3 : 1 0 : 3 0 : 4 8   + 0 0 0 0 ]   " P O S T   / w p - a d m i n . p h p   H T T P / 1 . 1 "   5 0 0   0  
 E R R O R   5 0 0   D a t a b a s e   c o n n e c t i o n   f a i l e d  
 E R R O R   5 0 0   D a t a b a s e   c o n n e c t i o n   f a i l e d  
 I N F O   U s e r   l o g i n   s u c c e s s  
 